2026-01-12T02:02:51.5523574Z Current runner version: '2.330.0'
2026-01-12T02:02:51.5559608Z ##[group]Runner Image Provisioner
2026-01-12T02:02:51.5560858Z Hosted Compute Agent
2026-01-12T02:02:51.5561748Z Version: 20251211.462
2026-01-12T02:02:51.5562752Z Commit: 6cbad8c2bb55d58165063d031ccabf57e2d2db61
2026-01-12T02:02:51.5563786Z Build Date: 2025-12-11T16:28:49Z
2026-01-12T02:02:51.5564926Z Worker ID: {eb491777-5b2a-4bef-84c2-a82ee79401b0}
2026-01-12T02:02:51.5566071Z ##[endgroup]
2026-01-12T02:02:51.5567251Z ##[group]Operating System
2026-01-12T02:02:51.5568194Z Ubuntu
2026-01-12T02:02:51.5568870Z 24.04.3
2026-01-12T02:02:51.5569633Z LTS
2026-01-12T02:02:51.5570355Z ##[endgroup]
2026-01-12T02:02:51.5571311Z ##[group]Runner Image
2026-01-12T02:02:51.5572246Z Image: ubuntu-24.04
2026-01-12T02:02:51.5573009Z Version: 20260105.202.1
2026-01-12T02:02:51.5574711Z Included Software: https://github.com/actions/runner-images/blob/ubuntu24/20260105.202/images/ubuntu/Ubuntu2404-Readme.md
2026-01-12T02:02:51.5577614Z Image Release: https://github.com/actions/runner-images/releases/tag/ubuntu24%2F20260105.202
2026-01-12T02:02:51.5579275Z ##[endgroup]
2026-01-12T02:02:51.5581164Z ##[group]GITHUB_TOKEN Permissions
2026-01-12T02:02:51.5583766Z Contents: read
2026-01-12T02:02:51.5584680Z Metadata: read
2026-01-12T02:02:51.5585405Z Packages: read
2026-01-12T02:02:51.5586236Z ##[endgroup]
2026-01-12T02:02:51.5589507Z Secret source: Actions
2026-01-12T02:02:51.5590661Z Prepare workflow directory
2026-01-12T02:02:51.6339327Z Prepare all required actions
2026-01-12T02:02:51.6395900Z Getting action download info
2026-01-12T02:02:51.9099511Z Download action repository 'actions/checkout@v4' (SHA:34e114876b0b11c390a56381ad16ebd13914f8d5)
2026-01-12T02:02:52.0180584Z Download action repository 'actions/setup-go@v5' (SHA:40f1582b2485089dde7abd97c1529aa768e1baff)
2026-01-12T02:02:52.3872964Z Complete job name: test (1)
2026-01-12T02:02:52.4500874Z ##[group]Run actions/checkout@v4
2026-01-12T02:02:52.4501715Z with:
2026-01-12T02:02:52.4502162Z   repository: process-failed-successfully/recac
2026-01-12T02:02:52.4502941Z   token: ***
2026-01-12T02:02:52.4503310Z   ssh-strict: true
2026-01-12T02:02:52.4503690Z   ssh-user: git
2026-01-12T02:02:52.4504078Z   persist-credentials: true
2026-01-12T02:02:52.4504493Z   clean: true
2026-01-12T02:02:52.4505176Z   sparse-checkout-cone-mode: true
2026-01-12T02:02:52.4505657Z   fetch-depth: 1
2026-01-12T02:02:52.4506041Z   fetch-tags: false
2026-01-12T02:02:52.4506608Z   show-progress: true
2026-01-12T02:02:52.4507007Z   lfs: false
2026-01-12T02:02:52.4507356Z   submodules: false
2026-01-12T02:02:52.4507747Z   set-safe-directory: true
2026-01-12T02:02:52.4508429Z env:
2026-01-12T02:02:52.4508787Z   REGISTRY: ghcr.io
2026-01-12T02:02:52.4509233Z   IMAGE_NAME: process-failed-successfully/recac
2026-01-12T02:02:52.4509772Z ##[endgroup]
2026-01-12T02:02:52.5772492Z Syncing repository: process-failed-successfully/recac
2026-01-12T02:02:52.5774728Z ##[group]Getting Git version info
2026-01-12T02:02:52.5775717Z Working directory is '/home/runner/work/recac/recac'
2026-01-12T02:02:52.5777584Z [command]/usr/bin/git version
2026-01-12T02:02:52.5883474Z git version 2.52.0
2026-01-12T02:02:52.5911579Z ##[endgroup]
2026-01-12T02:02:52.5927155Z Temporarily overriding HOME='/home/runner/work/_temp/6db22b15-85ea-454a-b038-cda7697b0f5e' before making global git config changes
2026-01-12T02:02:52.5929566Z Adding repository directory to the temporary git global config as a safe directory
2026-01-12T02:02:52.5932928Z [command]/usr/bin/git config --global --add safe.directory /home/runner/work/recac/recac
2026-01-12T02:02:52.5975507Z Deleting the contents of '/home/runner/work/recac/recac'
2026-01-12T02:02:52.5980537Z ##[group]Initializing the repository
2026-01-12T02:02:52.5985382Z [command]/usr/bin/git init /home/runner/work/recac/recac
2026-01-12T02:02:52.6070923Z hint: Using 'master' as the name for the initial branch. This default branch name
2026-01-12T02:02:52.6072884Z hint: will change to "main" in Git 3.0. To configure the initial branch name
2026-01-12T02:02:52.6074932Z hint: to use in all of your new repositories, which will suppress this warning,
2026-01-12T02:02:52.6076182Z hint: call:
2026-01-12T02:02:52.6077063Z hint:
2026-01-12T02:02:52.6077884Z hint: 	git config --global init.defaultBranch <name>
2026-01-12T02:02:52.6078877Z hint:
2026-01-12T02:02:52.6079808Z hint: Names commonly chosen instead of 'master' are 'main', 'trunk' and
2026-01-12T02:02:52.6081423Z hint: 'development'. The just-created branch can be renamed via this command:
2026-01-12T02:02:52.6082674Z hint:
2026-01-12T02:02:52.6083419Z hint: 	git branch -m <name>
2026-01-12T02:02:52.6084157Z hint:
2026-01-12T02:02:52.6085014Z hint: Disable this message with "git config set advice.defaultBranchName false"
2026-01-12T02:02:52.6086892Z Initialized empty Git repository in /home/runner/work/recac/recac/.git/
2026-01-12T02:02:52.6089792Z [command]/usr/bin/git remote add origin https://github.com/process-failed-successfully/recac
2026-01-12T02:02:52.6133879Z ##[endgroup]
2026-01-12T02:02:52.6135179Z ##[group]Disabling automatic garbage collection
2026-01-12T02:02:52.6139427Z [command]/usr/bin/git config --local gc.auto 0
2026-01-12T02:02:52.6173909Z ##[endgroup]
2026-01-12T02:02:52.6174602Z ##[group]Setting up auth
2026-01-12T02:02:52.6182141Z [command]/usr/bin/git config --local --name-only --get-regexp core\.sshCommand
2026-01-12T02:02:52.6215741Z [command]/usr/bin/git submodule foreach --recursive sh -c "git config --local --name-only --get-regexp 'core\.sshCommand' && git config --local --unset-all 'core.sshCommand' || :"
2026-01-12T02:02:52.6562436Z [command]/usr/bin/git config --local --name-only --get-regexp http\.https\:\/\/github\.com\/\.extraheader
2026-01-12T02:02:52.6594952Z [command]/usr/bin/git submodule foreach --recursive sh -c "git config --local --name-only --get-regexp 'http\.https\:\/\/github\.com\/\.extraheader' && git config --local --unset-all 'http.https://github.com/.extraheader' || :"
2026-01-12T02:02:52.6823390Z [command]/usr/bin/git config --local --name-only --get-regexp ^includeIf\.gitdir:
2026-01-12T02:02:52.6866177Z [command]/usr/bin/git submodule foreach --recursive git config --local --show-origin --name-only --get-regexp remote.origin.url
2026-01-12T02:02:52.7094659Z [command]/usr/bin/git config --local http.https://github.com/.extraheader AUTHORIZATION: basic ***
2026-01-12T02:02:52.7133980Z ##[endgroup]
2026-01-12T02:02:52.7135264Z ##[group]Fetching the repository
2026-01-12T02:02:52.7144512Z [command]/usr/bin/git -c protocol.version=2 fetch --no-tags --prune --no-recurse-submodules --depth=1 origin +711435681f59fa2ad8e1c6ecc2efe015d25327cc:refs/remotes/pull/262/merge
2026-01-12T02:02:52.9759353Z From https://github.com/process-failed-successfully/recac
2026-01-12T02:02:52.9760536Z  * [new ref]         711435681f59fa2ad8e1c6ecc2efe015d25327cc -> pull/262/merge
2026-01-12T02:02:52.9803510Z ##[endgroup]
2026-01-12T02:02:52.9805115Z ##[group]Determining the checkout info
2026-01-12T02:02:52.9807040Z ##[endgroup]
2026-01-12T02:02:52.9811215Z [command]/usr/bin/git sparse-checkout disable
2026-01-12T02:02:52.9856623Z [command]/usr/bin/git config --local --unset-all extensions.worktreeConfig
2026-01-12T02:02:52.9885898Z ##[group]Checking out the ref
2026-01-12T02:02:52.9890473Z [command]/usr/bin/git checkout --progress --force refs/remotes/pull/262/merge
2026-01-12T02:02:53.0221715Z Note: switching to 'refs/remotes/pull/262/merge'.
2026-01-12T02:02:53.0223062Z
2026-01-12T02:02:53.0224004Z You are in 'detached HEAD' state. You can look around, make experimental
2026-01-12T02:02:53.0226186Z changes and commit them, and you can discard any commits you make in this
2026-01-12T02:02:53.0228619Z state without impacting any branches by switching back to a branch.
2026-01-12T02:02:53.0229921Z
2026-01-12T02:02:53.0230658Z If you want to create a new branch to retain commits you create, you may
2026-01-12T02:02:53.0231898Z do so (now or later) by using -c with the switch command. Example:
2026-01-12T02:02:53.0233027Z
2026-01-12T02:02:53.0233588Z   git switch -c <new-branch-name>
2026-01-12T02:02:53.0234811Z
2026-01-12T02:02:53.0235124Z Or undo this operation with:
2026-01-12T02:02:53.0235599Z
2026-01-12T02:02:53.0235857Z   git switch -
2026-01-12T02:02:53.0236232Z
2026-01-12T02:02:53.0237213Z Turn off this advice by setting config variable advice.detachedHead to false
2026-01-12T02:02:53.0238204Z
2026-01-12T02:02:53.0239233Z HEAD is now at 7114356 Merge 6e419ba82d62ba7129cb4ce099b7f058885350fc into d99bf56d1841b4536517f84124a0ef93e3184a90
2026-01-12T02:02:53.0242378Z ##[endgroup]
2026-01-12T02:02:53.0276245Z [command]/usr/bin/git log -1 --format=%H
2026-01-12T02:02:53.0299966Z 711435681f59fa2ad8e1c6ecc2efe015d25327cc
2026-01-12T02:02:53.0598782Z ##[group]Run actions/setup-go@v5
2026-01-12T02:02:53.0599892Z with:
2026-01-12T02:02:53.0600719Z   go-version-file: go.mod
2026-01-12T02:02:53.0601677Z   check-latest: false
2026-01-12T02:02:53.0602880Z   token: ***
2026-01-12T02:02:53.0603697Z   cache: true
2026-01-12T02:02:53.0604512Z env:
2026-01-12T02:02:53.0605306Z   REGISTRY: ghcr.io
2026-01-12T02:02:53.0606348Z   IMAGE_NAME: process-failed-successfully/recac
2026-01-12T02:02:53.0607699Z ##[endgroup]
2026-01-12T02:02:53.2332623Z Setup go version spec 1.25.0
2026-01-12T02:02:53.2353552Z Attempting to download 1.25.0...
2026-01-12T02:02:53.5685236Z matching 1.25.0...
2026-01-12T02:02:53.5723463Z Acquiring 1.25.0 from https://github.com/actions/go-versions/releases/download/1.25.0-16925932082/go-1.25.0-linux-x64.tar.gz
2026-01-12T02:02:54.0833757Z Extracting Go...
2026-01-12T02:02:54.0957630Z [command]/usr/bin/tar xz --warning=no-unknown-keyword --overwrite -C /home/runner/work/_temp/ea38f1fe-3a8b-4737-a3c5-3d64135829c9 -f /home/runner/work/_temp/987ff337-86cf-491b-ba3a-ddeafe58f081
2026-01-12T02:02:55.5169360Z Successfully extracted go to /home/runner/work/_temp/ea38f1fe-3a8b-4737-a3c5-3d64135829c9
2026-01-12T02:02:55.5170186Z Adding to the cache ...
2026-01-12T02:03:00.1678503Z Successfully cached go to /opt/hostedtoolcache/go/1.25.0/x64
2026-01-12T02:03:00.1680252Z Added go to the path
2026-01-12T02:03:00.1683094Z Successfully set up Go version 1.25.0
2026-01-12T02:03:00.1905749Z [command]/opt/hostedtoolcache/go/1.25.0/x64/bin/go env GOMODCACHE
2026-01-12T02:03:00.1940507Z [command]/opt/hostedtoolcache/go/1.25.0/x64/bin/go env GOCACHE
2026-01-12T02:03:00.1980061Z /home/runner/go/pkg/mod
2026-01-12T02:03:00.1996197Z /home/runner/.cache/go-build
2026-01-12T02:03:00.2703787Z Cache hit for: setup-go-Linux-x64-ubuntu24-go-1.25.0-f409a0f2e8e9f57691b191e32714458e6fa47036c073ba0fae39c89ecdeff06d
2026-01-12T02:03:01.2122157Z Received 188331153 of 188331153 (100.0%), 201.1 MBs/sec
2026-01-12T02:03:01.2123432Z Cache Size: ~180 MB (188331153 B)
2026-01-12T02:03:01.2170860Z [command]/usr/bin/tar -xf /home/runner/work/_temp/05a235e4-5982-4327-b9a7-73c848fb2695/cache.tzst -P -C /home/runner/work/recac/recac --use-compress-program unzstd
2026-01-12T02:03:03.0803824Z Cache restored successfully
2026-01-12T02:03:03.1165082Z Cache restored from key: setup-go-Linux-x64-ubuntu24-go-1.25.0-f409a0f2e8e9f57691b191e32714458e6fa47036c073ba0fae39c89ecdeff06d
2026-01-12T02:03:03.1187738Z go version go1.25.0 linux/amd64
2026-01-12T02:03:03.1187956Z
2026-01-12T02:03:03.1188237Z ##[group]go env
2026-01-12T02:03:03.1328185Z AR='ar'
2026-01-12T02:03:03.1328548Z CC='gcc'
2026-01-12T02:03:03.1328956Z CGO_CFLAGS='-O2 -g'
2026-01-12T02:03:03.1329238Z CGO_CPPFLAGS=''
2026-01-12T02:03:03.1329445Z CGO_CXXFLAGS='-O2 -g'
2026-01-12T02:03:03.1329781Z CGO_ENABLED='1'
2026-01-12T02:03:03.1330098Z CGO_FFLAGS='-O2 -g'
2026-01-12T02:03:03.1330532Z CGO_LDFLAGS='-O2 -g'
2026-01-12T02:03:03.1330872Z CXX='g++'
2026-01-12T02:03:03.1331204Z GCCGO='gccgo'
2026-01-12T02:03:03.1331540Z GO111MODULE=''
2026-01-12T02:03:03.1331835Z GOAMD64='v1'
2026-01-12T02:03:03.1332124Z GOARCH='amd64'
2026-01-12T02:03:03.1332412Z GOAUTH='netrc'
2026-01-12T02:03:03.1332694Z GOBIN=''
2026-01-12T02:03:03.1332906Z GOCACHE='/home/runner/.cache/go-build'
2026-01-12T02:03:03.1333166Z GOCACHEPROG=''
2026-01-12T02:03:03.1333349Z GODEBUG=''
2026-01-12T02:03:03.1333541Z GOENV='/home/runner/.config/go/env'
2026-01-12T02:03:03.1334247Z GOEXE=''
2026-01-12T02:03:03.1334417Z GOEXPERIMENT=''
2026-01-12T02:03:03.1334602Z GOFIPS140='off'
2026-01-12T02:03:03.1334779Z GOFLAGS=''
2026-01-12T02:03:03.1335466Z GOGCCFLAGS='-fPIC -m64 -pthread -Wl,--no-gc-sections -fmessage-length=0 -ffile-prefix-map=/tmp/go-build1487517398=/tmp/go-build -gno-record-gcc-switches'
2026-01-12T02:03:03.1336119Z GOHOSTARCH='amd64'
2026-01-12T02:03:03.1336315Z GOHOSTOS='linux'
2026-01-12T02:03:03.1336735Z GOINSECURE=''
2026-01-12T02:03:03.1336967Z GOMOD='/home/runner/work/recac/recac/go.mod'
2026-01-12T02:03:03.1337465Z GOMODCACHE='/home/runner/go/pkg/mod'
2026-01-12T02:03:03.1337725Z GONOPROXY=''
2026-01-12T02:03:03.1337891Z GONOSUMDB=''
2026-01-12T02:03:03.1338057Z GOOS='linux'
2026-01-12T02:03:03.1338259Z GOPATH='/home/runner/go'
2026-01-12T02:03:03.1338456Z GOPRIVATE=''
2026-01-12T02:03:03.1338720Z GOPROXY='https://proxy.golang.org,direct'
2026-01-12T02:03:03.1339028Z GOROOT='/opt/hostedtoolcache/go/1.25.0/x64'
2026-01-12T02:03:03.1339304Z GOSUMDB='sum.golang.org'
2026-01-12T02:03:03.1339522Z GOTELEMETRY='local'
2026-01-12T02:03:03.1339771Z GOTELEMETRYDIR='/home/runner/.config/go/telemetry'
2026-01-12T02:03:03.1340047Z GOTMPDIR=''
2026-01-12T02:03:03.1340226Z GOTOOLCHAIN='auto'
2026-01-12T02:03:03.1340539Z GOTOOLDIR='/opt/hostedtoolcache/go/1.25.0/x64/pkg/tool/linux_amd64'
2026-01-12T02:03:03.1340910Z GOVCS=''
2026-01-12T02:03:03.1341082Z GOVERSION='go1.25.0'
2026-01-12T02:03:03.1341269Z GOWORK=''
2026-01-12T02:03:03.1341450Z PKG_CONFIG='pkg-config'
2026-01-12T02:03:03.1341582Z
2026-01-12T02:03:03.1341885Z ##[endgroup]
2026-01-12T02:03:03.1602638Z ##[group]Run docker build -t recac-agent:latest -f internal/docker/agent.Dockerfile .
2026-01-12T02:03:03.1603315Z [36;1mdocker build -t recac-agent:latest -f internal/docker/agent.Dockerfile .[0m
2026-01-12T02:03:03.1642314Z shell: /usr/bin/bash -e {0}
2026-01-12T02:03:03.1642574Z env:
2026-01-12T02:03:03.1642742Z   REGISTRY: ghcr.io
2026-01-12T02:03:03.1642985Z   IMAGE_NAME: process-failed-successfully/recac
2026-01-12T02:03:03.1643277Z ##[endgroup]
2026-01-12T02:03:03.8646664Z #0 building with "default" instance using docker driver
2026-01-12T02:03:03.8647123Z
2026-01-12T02:03:03.8647329Z #1 [internal] load build definition from agent.Dockerfile
2026-01-12T02:03:03.8647716Z #1 transferring dockerfile: 517B done
2026-01-12T02:03:03.8647989Z #1 DONE 0.0s
2026-01-12T02:03:03.8648101Z
2026-01-12T02:03:03.8648289Z #2 [auth] library/golang:pull token for registry-1.docker.io
2026-01-12T02:03:03.8648626Z #2 DONE 0.0s
2026-01-12T02:03:03.8648741Z
2026-01-12T02:03:03.8649018Z #3 [internal] load metadata for docker.io/library/golang:1.25-alpine
2026-01-12T02:03:04.0937034Z #3 DONE 0.4s
2026-01-12T02:03:04.2135990Z
2026-01-12T02:03:04.2136834Z #4 [internal] load .dockerignore
2026-01-12T02:03:04.2137335Z #4 transferring context: 376B done
2026-01-12T02:03:04.2137709Z #4 DONE 0.0s
2026-01-12T02:03:04.2137893Z
2026-01-12T02:03:04.2138547Z #5 [1/4] FROM docker.io/library/golang:1.25-alpine@sha256:ac09a5f469f307e5da71e766b0bd59c9c49ea460a528cc3e6686513d64a6f1fb
2026-01-12T02:03:04.2140045Z #5 resolve docker.io/library/golang:1.25-alpine@sha256:ac09a5f469f307e5da71e766b0bd59c9c49ea460a528cc3e6686513d64a6f1fb done
2026-01-12T02:03:04.2143056Z #5 extracting sha256:1074353eec0db2c1d81d5af2671e56e00cf5738486f5762609ea33d606f88612
2026-01-12T02:03:04.3327103Z #5 extracting sha256:1074353eec0db2c1d81d5af2671e56e00cf5738486f5762609ea33d606f88612 0.1s done
2026-01-12T02:03:04.3331864Z #5 sha256:5c445a0e108b509dd422d6adce512f16cb7edd37814e8e3509850820377bcf06 7.34MB / 60.15MB 0.2s
2026-01-12T02:03:04.3333491Z #5 sha256:ac09a5f469f307e5da71e766b0bd59c9c49ea460a528cc3e6686513d64a6f1fb 10.29kB / 10.29kB done
2026-01-12T02:03:04.3334746Z #5 sha256:301db1784c200c7ec221a84672d0bd3ffdcf6c873bc9806482bbe730910924fb 1.92kB / 1.92kB done
2026-01-12T02:03:04.3335388Z #5 sha256:4ef5200fdbf03c03780e5f7356c20c226596c5130d1019491b49d2ae7968133e 2.19kB / 2.19kB done
2026-01-12T02:03:04.3336025Z #5 sha256:1074353eec0db2c1d81d5af2671e56e00cf5738486f5762609ea33d606f88612 3.86MB / 3.86MB 0.1s done
2026-01-12T02:03:04.3337710Z #5 sha256:665f62578bcef03586d252ea1bc3a3f2f936e5bc570a754bd62e098f67225c6e 296.08kB / 296.08kB 0.1s done
2026-01-12T02:03:04.3338781Z #5 sha256:97e8847bf924ea4cced11c4db1360c8c8ba93cdeeced7418f48f430e219ebf94 127B / 127B 0.2s done
2026-01-12T02:03:04.3339432Z #5 sha256:4f4fb700ef54461cfa02571ae0db9a0dc1e0cdb5577484a6d75e68dc38e8acc1 32B / 32B 0.2s done
2026-01-12T02:03:04.3340025Z #5 extracting sha256:665f62578bcef03586d252ea1bc3a3f2f936e5bc570a754bd62e098f67225c6e
2026-01-12T02:03:04.5138967Z #5 sha256:5c445a0e108b509dd422d6adce512f16cb7edd37814e8e3509850820377bcf06 28.31MB / 60.15MB 0.4s
2026-01-12T02:03:04.5141266Z #5 extracting sha256:665f62578bcef03586d252ea1bc3a3f2f936e5bc570a754bd62e098f67225c6e 0.1s done
2026-01-12T02:03:04.7135020Z #5 sha256:5c445a0e108b509dd422d6adce512f16cb7edd37814e8e3509850820377bcf06 56.62MB / 60.15MB 0.6s
2026-01-12T02:03:04.8135928Z #5 sha256:5c445a0e108b509dd422d6adce512f16cb7edd37814e8e3509850820377bcf06 60.15MB / 60.15MB 0.7s done
2026-01-12T02:03:07.0480418Z #5 extracting sha256:5c445a0e108b509dd422d6adce512f16cb7edd37814e8e3509850820377bcf06
2026-01-12T02:03:11.2884680Z #5 extracting sha256:5c445a0e108b509dd422d6adce512f16cb7edd37814e8e3509850820377bcf06 4.1s done
2026-01-12T02:03:11.4763123Z #5 extracting sha256:97e8847bf924ea4cced11c4db1360c8c8ba93cdeeced7418f48f430e219ebf94
2026-01-12T02:03:11.6592923Z #5 extracting sha256:97e8847bf924ea4cced11c4db1360c8c8ba93cdeeced7418f48f430e219ebf94 done
2026-01-12T02:03:11.6594945Z #5 extracting sha256:4f4fb700ef54461cfa02571ae0db9a0dc1e0cdb5577484a6d75e68dc38e8acc1 done
2026-01-12T02:03:11.6595758Z #5 DONE 7.4s
2026-01-12T02:03:11.6595896Z
2026-01-12T02:03:11.6597074Z #6 [2/4] RUN apk add --no-cache     nodejs     npm     python3     py3-pip     curl     git     jq     bash     unzip     libc6-compat     docker-cli     coreutils     make     sudo     wget     ca-certificates     shadow     util-linux
2026-01-12T02:03:12.0566200Z #6 0.548 ( 1/99) Installing ncurses-terminfo-base (6.5_p20251123-r0)
2026-01-12T02:03:12.1599509Z #6 0.561 ( 2/99) Installing libncursesw (6.5_p20251123-r0)
2026-01-12T02:03:12.1600037Z #6 0.574 ( 3/99) Installing readline (8.3.1-r0)
2026-01-12T02:03:12.1600369Z #6 0.584 ( 4/99) Installing bash (5.3.3-r1)
2026-01-12T02:03:12.1600693Z #6 0.609   Executing bash-5.3.3-r1.post-install
2026-01-12T02:03:12.1601039Z #6 0.612 ( 5/99) Installing coreutils-env (9.8-r1)
2026-01-12T02:03:12.1601382Z #6 0.629 ( 6/99) Installing coreutils-fmt (9.8-r1)
2026-01-12T02:03:12.1601771Z #6 0.651 ( 7/99) Installing coreutils-sha512sum (9.8-r1)
2026-01-12T02:03:12.2609650Z #6 0.668 ( 8/99) Installing acl-libs (2.3.2-r1)
2026-01-12T02:03:12.2610100Z #6 0.678 ( 9/99) Installing libattr (2.5.2-r2)
2026-01-12T02:03:12.2610498Z #6 0.687 (10/99) Installing skalibs-libs (2.14.4.0-r0)
2026-01-12T02:03:12.2610884Z #6 0.698 (11/99) Installing utmps-libs (0.1.3.1-r0)
2026-01-12T02:03:12.2611254Z #6 0.706 (12/99) Installing coreutils (9.8-r1)
2026-01-12T02:03:12.2611652Z #6 0.736 (13/99) Installing brotli-libs (1.2.0-r0)
2026-01-12T02:03:12.2612007Z #6 0.752 (14/99) Installing c-ares (1.34.6-r0)
2026-01-12T02:03:12.3630212Z #6 0.761 (15/99) Installing libunistring (1.4.1-r0)
2026-01-12T02:03:12.3630762Z #6 0.784 (16/99) Installing libidn2 (2.3.8-r0)
2026-01-12T02:03:12.3631143Z #6 0.794 (17/99) Installing nghttp2-libs (1.68.0-r0)
2026-01-12T02:03:12.3631525Z #6 0.803 (18/99) Installing nghttp3 (1.13.1-r0)
2026-01-12T02:03:12.3631876Z #6 0.811 (19/99) Installing libpsl (0.21.5-r3)
2026-01-12T02:03:12.3632249Z #6 0.818 (20/99) Installing zstd-libs (1.5.7-r2)
2026-01-12T02:03:12.3632596Z #6 0.831 (21/99) Installing libcurl (8.17.0-r1)
2026-01-12T02:03:12.3632930Z #6 0.844 (22/99) Installing curl (8.17.0-r1)
2026-01-12T02:03:12.3633270Z #6 0.854 (23/99) Installing docker-cli (29.1.3-r0)
2026-01-12T02:03:12.5241261Z #6 1.015 (24/99) Installing libexpat (2.7.3-r0)
2026-01-12T02:03:12.6341520Z #6 1.035 (25/99) Installing pcre2 (10.47-r0)
2026-01-12T02:03:12.6342524Z #6 1.055 (26/99) Installing git (2.52.0-r0)
2026-01-12T02:03:12.6343136Z #6 1.125 (27/99) Installing git-init-template (2.52.0-r0)
2026-01-12T02:03:12.7404580Z #6 1.133 (28/99) Installing oniguruma (6.9.10-r0)
2026-01-12T02:03:12.7405009Z #6 1.153 (29/99) Installing jq (1.8.1-r0)
2026-01-12T02:03:12.7405365Z #6 1.162 (30/99) Installing musl-obstack (1.2.3-r2)
2026-01-12T02:03:12.7405749Z #6 1.169 (31/99) Installing libucontext (1.3.3-r0)
2026-01-12T02:03:12.7406127Z #6 1.177 (32/99) Installing gcompat (1.1.0-r4)
2026-01-12T02:03:12.7406731Z #6 1.184 (33/99) Installing make (4.4.1-r3)
2026-01-12T02:03:12.7407095Z #6 1.199 (34/99) Installing libgcc (15.2.0-r2)
2026-01-12T02:03:12.7407444Z #6 1.211 (35/99) Installing libstdc++ (15.2.0-r2)
2026-01-12T02:03:12.7407795Z #6 1.232 (36/99) Installing ada-libs (3.3.0-r0)
2026-01-12T02:03:12.8597972Z #6 1.248 (37/99) Installing icu-data-en (76.1-r1)
2026-01-12T02:03:12.8598398Z #6 1.270   Executing icu-data-en-76.1-r1.post-install
2026-01-12T02:03:12.8598705Z #6 1.274   *
2026-01-12T02:03:12.8599034Z #6 1.274   * If you need ICU with non-English locales and legacy charset support, install
2026-01-12T02:03:12.8599429Z #6 1.274   * package icu-data-full.
2026-01-12T02:03:12.8599650Z #6 1.274   *
2026-01-12T02:03:12.8599855Z #6 1.274 (38/99) Installing icu-libs (76.1-r1)
2026-01-12T02:03:12.8600149Z #6 1.308 (39/99) Installing simdjson (3.12.0-r0)
2026-01-12T02:03:12.8600426Z #6 1.317 (40/99) Installing simdutf (7.5.0-r0)
2026-01-12T02:03:12.8600713Z #6 1.329 (41/99) Installing sqlite-libs (3.51.1-r0)
2026-01-12T02:03:12.8601312Z #6 1.351 (42/99) Installing nodejs (24.11.1-r0)
2026-01-12T02:03:13.1288116Z #6 1.620 (43/99) Installing npm (11.6.3-r0)
2026-01-12T02:03:13.3209938Z #6 1.812 (44/99) Installing libbz2 (1.0.8-r6)
2026-01-12T02:03:13.5307002Z #6 1.820 (45/99) Installing libffi (3.5.2-r0)
2026-01-12T02:03:13.5307559Z #6 1.826 (46/99) Installing gdbm (1.26-r0)
2026-01-12T02:03:13.5308059Z #6 1.833 (47/99) Installing xz-libs (5.8.1-r0)
2026-01-12T02:03:13.5308620Z #6 1.843 (48/99) Installing mpdecimal (4.0.1-r0)
2026-01-12T02:03:13.5309194Z #6 1.863 (49/99) Installing libpanelw (6.5_p20251123-r0)
2026-01-12T02:03:13.5309764Z #6 1.871 (50/99) Installing python3 (3.12.12-r0)
2026-01-12T02:03:13.5681775Z #6 2.059 (51/99) Installing python3-pycache-pyc0 (3.12.12-r0)
2026-01-12T02:03:13.6905646Z #6 2.182 (52/99) Installing pyc (3.12.12-r0)
2026-01-12T02:03:13.6906259Z #6 2.182 (53/99) Installing py3-setuptools-pyc (80.9.0-r2)
2026-01-12T02:03:13.8363333Z #6 2.250 (54/99) Installing py3-pip-pyc (25.1.1-r1)
2026-01-12T02:03:13.8363792Z #6 2.327 (55/99) Installing py3-packaging-pyc (25.0-r0)
2026-01-12T02:03:13.9438542Z #6 2.337 (56/99) Installing python3-pyc (3.12.12-r0)
2026-01-12T02:03:13.9438967Z #6 2.337 (57/99) Installing py3-parsing (3.2.3-r0)
2026-01-12T02:03:13.9439302Z #6 2.347 (58/99) Installing py3-parsing-pyc (3.2.3-r0)
2026-01-12T02:03:13.9439622Z #6 2.358 (59/99) Installing py3-packaging (25.0-r0)
2026-01-12T02:03:13.9439938Z #6 2.368 (60/99) Installing py3-setuptools (80.9.0-r2)
2026-01-12T02:03:13.9440262Z #6 2.435 (61/99) Installing py3-pip (25.1.1-r1)
2026-01-12T02:03:14.0600017Z #6 2.507 (62/99) Installing libmd (1.1.0-r0)
2026-01-12T02:03:14.0600442Z #6 2.520 (63/99) Installing libbsd (0.12.2-r0)
2026-01-12T02:03:14.0600825Z #6 2.530 (64/99) Installing linux-pam (1.7.1-r2)
2026-01-12T02:03:14.0601187Z #6 2.551 (65/99) Installing shadow (4.18.0-r0)
2026-01-12T02:03:14.1652699Z #6 2.578 (66/99) Installing sudo (1.9.17_p2-r0)
2026-01-12T02:03:14.1653140Z #6 2.608 (67/99) Installing unzip (6.0-r16)
2026-01-12T02:03:14.1653569Z #6 2.640 (68/99) Installing util-linux (2.41.2-r0)
2026-01-12T02:03:14.1653977Z #6 2.656 (69/99) Installing dmesg (2.41.2-r0)
2026-01-12T02:03:14.2753133Z #6 2.676 (70/99) Installing setarch (2.41.2-r0)
2026-01-12T02:03:14.2753586Z #6 2.686 (71/99) Installing libeconf (0.8.0-r0)
2026-01-12T02:03:14.2753947Z #6 2.695 (72/99) Installing libblkid (2.41.2-r0)
2026-01-12T02:03:14.2754293Z #6 2.707 (73/99) Installing libuuid (2.41.2-r0)
2026-01-12T02:03:14.2754967Z #6 2.719 (74/99) Installing libfdisk (2.41.2-r0)
2026-01-12T02:03:14.2755320Z #6 2.735 (75/99) Installing libmount (2.41.2-r0)
2026-01-12T02:03:14.2755681Z #6 2.766 (76/99) Installing libsmartcols (2.41.2-r0)
2026-01-12T02:03:14.3823105Z #6 2.806 (77/99) Installing util-linux-misc (2.41.2-r0)
2026-01-12T02:03:14.3823616Z #6 2.858 (78/99) Installing runuser (2.41.2-r0)
2026-01-12T02:03:14.3824011Z #6 2.873 (79/99) Installing mount (2.41.2-r0)
2026-01-12T02:03:14.4947030Z #6 2.904 (80/99) Installing losetup (2.41.2-r0)
2026-01-12T02:03:14.4947649Z #6 2.921 (81/99) Installing hexdump (2.41.2-r0)
2026-01-12T02:03:14.4948031Z #6 2.963 (82/99) Installing uuidgen (2.41.2-r0)
2026-01-12T02:03:14.4948411Z #6 2.986 (83/99) Installing blkid (2.41.2-r0)
2026-01-12T02:03:14.6063115Z #6 3.003 (84/99) Installing sfdisk (2.41.2-r0)
2026-01-12T02:03:14.6063617Z #6 3.013 (85/99) Installing mcookie (2.41.2-r0)
2026-01-12T02:03:14.6063950Z #6 3.020 (86/99) Installing agetty (2.41.2-r0)
2026-01-12T02:03:14.6064300Z #6 3.030 (87/99) Installing wipefs (2.41.2-r0)
2026-01-12T02:03:14.6064617Z #6 3.057 (88/99) Installing cfdisk (2.41.2-r0)
2026-01-12T02:03:14.6064916Z #6 3.069 (89/99) Installing umount (2.41.2-r0)
2026-01-12T02:03:14.6065220Z #6 3.082 (90/99) Installing flock (2.41.2-r0)
2026-01-12T02:03:14.6065525Z #6 3.097 (91/99) Installing lsblk (2.41.2-r0)
2026-01-12T02:03:14.7070772Z #6 3.111 (92/99) Installing libcap-ng (0.8.5-r0)
2026-01-12T02:03:14.7071222Z #6 3.120 (93/99) Installing setpriv (2.41.2-r0)
2026-01-12T02:03:14.7071532Z #6 3.136 (94/99) Installing lscpu (2.41.2-r0)
2026-01-12T02:03:14.7072110Z #6 3.146 (95/99) Installing logger (2.41.2-r0)
2026-01-12T02:03:14.7072428Z #6 3.155 (96/99) Installing partx (2.41.2-r0)
2026-01-12T02:03:14.7072722Z #6 3.172 (97/99) Installing fstrim (2.41.2-r0)
2026-01-12T02:03:14.7073015Z #6 3.183 (98/99) Installing findmnt (2.41.2-r0)
2026-01-12T02:03:14.7073300Z #6 3.198 (99/99) Installing wget (1.25.0-r2)
2026-01-12T02:03:14.8859193Z #6 3.218 Executing busybox-1.37.0-r30.trigger
2026-01-12T02:03:14.8859877Z #6 3.227 OK: 189.6 MiB in 116 packages
2026-01-12T02:03:15.0236673Z #6 DONE 3.5s
2026-01-12T02:03:15.1497140Z
2026-01-12T02:03:15.1501654Z #7 [3/4] RUN echo "ALL ALL=(ALL) NOPASSWD: ALL" >> /etc/sudoers
2026-01-12T02:03:15.1502365Z #7 DONE 0.1s
2026-01-12T02:03:15.3317776Z
2026-01-12T02:03:15.3320359Z #8 [4/4] WORKDIR /workspace
2026-01-12T02:03:15.3320795Z #8 DONE 0.0s
2026-01-12T02:03:15.3320989Z
2026-01-12T02:03:15.3321137Z #9 exporting to image
2026-01-12T02:03:15.3321497Z #9 exporting layers
2026-01-12T02:03:16.9715891Z #9 exporting layers 1.8s done
2026-01-12T02:03:16.9880107Z #9 writing image sha256:cf20ac3efa965b2ab981127fe102655d802651ce46616338021f91616c071061 done
2026-01-12T02:03:16.9881293Z #9 naming to docker.io/library/recac-agent:latest done
2026-01-12T02:03:16.9881804Z #9 DONE 1.8s
2026-01-12T02:03:16.9961725Z ##[group]Run # Use the script directly
2026-01-12T02:03:16.9962052Z [36;1m# Use the script directly[0m
2026-01-12T02:03:16.9962325Z [36;1mchmod +x scripts/test_sharded.sh[0m
2026-01-12T02:03:16.9962585Z [36;1m./scripts/test_sharded.sh 1 5[0m
2026-01-12T02:03:16.9997145Z shell: /usr/bin/bash -e {0}
2026-01-12T02:03:16.9997380Z env:
2026-01-12T02:03:16.9997549Z   REGISTRY: ghcr.io
2026-01-12T02:03:16.9997785Z   IMAGE_NAME: process-failed-successfully/recac
2026-01-12T02:03:16.9998058Z ##[endgroup]
2026-01-12T02:03:17.0070741Z Running tests for shard 1 of 5
2026-01-12T02:03:17.2541481Z Testing packages:
2026-01-12T02:03:17.2541915Z recac/e2e/runner
2026-01-12T02:03:17.2542247Z recac/internal/config
2026-01-12T02:03:17.2542616Z recac/internal/notify
2026-01-12T02:03:17.2542976Z recac/internal/telemetry
2026-01-12T02:03:17.2543419Z recac/scripts/e2e_projects/mistral_verification
2026-01-12T02:03:17.2626805Z go: downloading github.com/stretchr/testify v1.11.1
2026-01-12T02:03:17.3616142Z go: downloading github.com/pmezard/go-difflib v1.0.0
2026-01-12T02:03:35.4688606Z ?   	recac/e2e/runner	[no test files]
2026-01-12T02:03:36.6820883Z === RUN   TestLoad
2026-01-12T02:03:36.6821310Z === RUN   TestLoad/Default_Config_Generation
2026-01-12T02:03:36.6821808Z Created default configuration file: config.yaml
2026-01-12T02:03:36.6822252Z === RUN   TestLoad/Load_From_Env
2026-01-12T02:03:36.6822868Z Using config file: /home/runner/work/recac/recac/internal/config/config.yaml
2026-01-12T02:03:36.6823514Z --- PASS: TestLoad (0.01s)
2026-01-12T02:03:36.6824095Z     --- PASS: TestLoad/Default_Config_Generation (0.01s)
2026-01-12T02:03:36.6824730Z     --- PASS: TestLoad/Load_From_Env (0.00s)
2026-01-12T02:03:36.6825193Z === RUN   TestValidateConfig
2026-01-12T02:03:36.6825648Z === RUN   TestValidateConfig/Valid_Configuration
2026-01-12T02:03:36.6826282Z === RUN   TestValidateConfig/Invalid_Timeout_(Negative_Duration)
2026-01-12T02:03:36.6827201Z === RUN   TestValidateConfig/Invalid_Timeout_(Negative_Int)
2026-01-12T02:03:36.6827882Z === RUN   TestValidateConfig/Invalid_Max_Iterations
2026-01-12T02:03:36.6828413Z === RUN   TestValidateConfig/Invalid_Workers
2026-01-12T02:03:36.6828944Z === RUN   TestValidateConfig/Invalid_Port_(Too_Low)
2026-01-12T02:03:36.6829487Z === RUN   TestValidateConfig/Invalid_Port_(Too_High)
2026-01-12T02:03:36.6830017Z === RUN   TestValidateConfig/Multiple_Errors
2026-01-12T02:03:36.6830530Z === RUN   TestValidateConfig/Invalid_Agent_Timeout
2026-01-12T02:03:36.6831072Z === RUN   TestValidateConfig/Invalid_Docker_Timeout
2026-01-12T02:03:36.6831598Z === RUN   TestValidateConfig/Invalid_Bash_Timeout
2026-01-12T02:03:36.6832118Z === RUN   TestValidateConfig/Invalid_Max_Agents
2026-01-12T02:03:36.6832651Z === RUN   TestValidateConfig/Invalid_Metrics_Port
2026-01-12T02:03:36.6833214Z === RUN   TestValidateConfig/Invalid_Manager_Frequency
2026-01-12T02:03:36.6833735Z --- PASS: TestValidateConfig (0.00s)
2026-01-12T02:03:36.6834401Z     --- PASS: TestValidateConfig/Valid_Configuration (0.00s)
2026-01-12T02:03:36.6835267Z     --- PASS: TestValidateConfig/Invalid_Timeout_(Negative_Duration) (0.00s)
2026-01-12T02:03:36.6836188Z     --- PASS: TestValidateConfig/Invalid_Timeout_(Negative_Int) (0.00s)
2026-01-12T02:03:36.6837262Z     --- PASS: TestValidateConfig/Invalid_Max_Iterations (0.00s)
2026-01-12T02:03:36.6838116Z     --- PASS: TestValidateConfig/Invalid_Workers (0.00s)
2026-01-12T02:03:36.6838988Z     --- PASS: TestValidateConfig/Invalid_Port_(Too_Low) (0.00s)
2026-01-12T02:03:36.6839824Z     --- PASS: TestValidateConfig/Invalid_Port_(Too_High) (0.00s)
2026-01-12T02:03:36.6840563Z     --- PASS: TestValidateConfig/Multiple_Errors (0.00s)
2026-01-12T02:03:36.6841295Z     --- PASS: TestValidateConfig/Invalid_Agent_Timeout (0.00s)
2026-01-12T02:03:36.6842087Z     --- PASS: TestValidateConfig/Invalid_Docker_Timeout (0.00s)
2026-01-12T02:03:36.6842825Z     --- PASS: TestValidateConfig/Invalid_Bash_Timeout (0.00s)
2026-01-12T02:03:36.6843828Z     --- PASS: TestValidateConfig/Invalid_Max_Agents (0.00s)
2026-01-12T02:03:36.6846007Z     --- PASS: TestValidateConfig/Invalid_Metrics_Port (0.00s)
2026-01-12T02:03:36.6847645Z     --- PASS: TestValidateConfig/Invalid_Manager_Frequency (0.00s)
2026-01-12T02:03:36.6848336Z PASS
2026-01-12T02:03:36.6852013Z ok  	recac/internal/config	0.013s
2026-01-12T02:03:38.8814913Z === RUN   TestDiscordNotifier_Notify
2026-01-12T02:03:38.8815504Z --- PASS: TestDiscordNotifier_Notify (0.00s)
2026-01-12T02:03:38.8816592Z === RUN   TestDiscordNotifier_Notify_Error
2026-01-12T02:03:38.8817148Z --- PASS: TestDiscordNotifier_Notify_Error (0.00s)
2026-01-12T02:03:38.8817725Z === RUN   TestDiscordNotifier_Notify_MissingURL
2026-01-12T02:03:38.8818290Z --- PASS: TestDiscordNotifier_Notify_MissingURL (0.00s)
2026-01-12T02:03:38.8818834Z === RUN   TestDiscordNotifier_Send_Bot
2026-01-12T02:03:38.8819315Z --- PASS: TestDiscordNotifier_Send_Bot (0.00s)
2026-01-12T02:03:38.8819800Z === RUN   TestSlackNotifier_Notify
2026-01-12T02:03:38.8820287Z --- PASS: TestSlackNotifier_Notify (0.00s)
2026-01-12T02:03:38.8820765Z === RUN   TestSlackNotifier_Notify_Error
2026-01-12T02:03:38.8821270Z --- PASS: TestSlackNotifier_Notify_Error (0.00s)
2026-01-12T02:03:38.8822170Z === RUN   TestNotificationFlow
2026-01-12T02:03:38.8822603Z --- PASS: TestNotificationFlow (0.06s)
2026-01-12T02:03:38.8822995Z PASS
2026-01-12T02:03:38.8823300Z ok  	recac/internal/notify	0.066s
2026-01-12T02:03:38.8823734Z === RUN   TestInitLogger_Configuration
2026-01-12T02:03:38.8824210Z --- PASS: TestInitLogger_Configuration (0.00s)
2026-01-12T02:03:38.8824681Z === RUN   TestLogError
2026-01-12T02:03:38.8825039Z --- PASS: TestLogError (0.00s)
2026-01-12T02:03:38.8825440Z === RUN   TestInitLogger_JSONOutput
2026-01-12T02:03:38.8825895Z --- PASS: TestInitLogger_JSONOutput (0.00s)
2026-01-12T02:03:38.8826561Z === RUN   TestInitLogger_VerboseMode
2026-01-12T02:03:38.8827786Z     logger_test.go:119: WARNING: API key is visible in logs - should be masked in production
2026-01-12T02:03:38.8828591Z --- PASS: TestInitLogger_VerboseMode (0.00s)
2026-01-12T02:03:38.8829078Z === RUN   TestMetricsHelpers
2026-01-12T02:03:38.8829501Z --- PASS: TestMetricsHelpers (0.00s)
2026-01-12T02:03:38.8829953Z === RUN   TestStartMetricsServer
2026-01-12T02:03:38.8830403Z --- PASS: TestStartMetricsServer (0.00s)
2026-01-12T02:03:38.8830824Z PASS
2026-01-12T02:03:38.8831120Z ok  	recac/internal/telemetry	0.006s
2026-01-12T02:03:38.8831721Z ?   	recac/scripts/e2e_projects/mistral_verification	[no test files]
2026-01-12T02:03:38.9785274Z Post job cleanup.
2026-01-12T02:03:39.1510280Z [command]/opt/hostedtoolcache/go/1.25.0/x64/bin/go env GOMODCACHE
2026-01-12T02:03:39.1552420Z [command]/opt/hostedtoolcache/go/1.25.0/x64/bin/go env GOCACHE
2026-01-12T02:03:39.1580881Z /home/runner/go/pkg/mod
2026-01-12T02:03:39.1608811Z /home/runner/.cache/go-build
2026-01-12T02:03:39.1614254Z Cache hit occurred on the primary key setup-go-Linux-x64-ubuntu24-go-1.25.0-f409a0f2e8e9f57691b191e32714458e6fa47036c073ba0fae39c89ecdeff06d, not saving cache.
2026-01-12T02:03:39.1740097Z Post job cleanup.
2026-01-12T02:03:39.2780617Z [command]/usr/bin/git version
2026-01-12T02:03:39.2832410Z git version 2.52.0
2026-01-12T02:03:39.2878369Z Temporarily overriding HOME='/home/runner/work/_temp/10136440-2639-4235-9962-c538c9f93caa' before making global git config changes
2026-01-12T02:03:39.2879732Z Adding repository directory to the temporary git global config as a safe directory
2026-01-12T02:03:39.2884808Z [command]/usr/bin/git config --global --add safe.directory /home/runner/work/recac/recac
2026-01-12T02:03:39.2930324Z [command]/usr/bin/git config --local --name-only --get-regexp core\.sshCommand
2026-01-12T02:03:39.2973163Z [command]/usr/bin/git submodule foreach --recursive sh -c "git config --local --name-only --get-regexp 'core\.sshCommand' && git config --local --unset-all 'core.sshCommand' || :"
2026-01-12T02:03:39.3230203Z fatal: No url found for submodule path 'verification/manual_push_test' in .gitmodules
2026-01-12T02:03:39.3280795Z ##[warning]The process '/usr/bin/git' failed with exit code 128
2026-01-12T02:03:39.3381915Z Cleaning up orphan processes
